[2024-10-15T21:30:20.687+0900][gc] Using G1
[2024-10-15T21:30:20.688+0900][gc,init] Version: 17.0.3+7 (release)
[2024-10-15T21:30:20.688+0900][gc,init] CPUs: 8 total, 8 available
[2024-10-15T21:30:20.688+0900][gc,init] Memory: 16384M
[2024-10-15T21:30:20.688+0900][gc,init] Large Page Support: Disabled
[2024-10-15T21:30:20.688+0900][gc,init] NUMA Support: Disabled
[2024-10-15T21:30:20.688+0900][gc,init] Compressed Oops: Enabled (Zero based)
[2024-10-15T21:30:20.688+0900][gc,init] Heap Region Size: 1M
[2024-10-15T21:30:20.688+0900][gc,init] Heap Min Capacity: 1G
[2024-10-15T21:30:20.688+0900][gc,init] Heap Initial Capacity: 1G
[2024-10-15T21:30:20.688+0900][gc,init] Heap Max Capacity: 1G
[2024-10-15T21:30:20.688+0900][gc,init] Pre-touch: Disabled
[2024-10-15T21:30:20.689+0900][gc,init] Parallel Workers: 8
[2024-10-15T21:30:20.689+0900][gc,init] Concurrent Workers: 2
[2024-10-15T21:30:20.689+0900][gc,init] Concurrent Refinement Workers: 8
[2024-10-15T21:30:20.689+0900][gc,init] Periodic GC: Disabled
[2024-10-15T21:30:20.689+0900][gc,metaspace] CDS archive(s) mapped at: [0x0000000800000000-0x0000000800bd8000-0x0000000800bd8000), size 12419072, SharedBaseAddress: 0x0000000800000000, ArchiveRelocationMode: 0.
[2024-10-15T21:30:20.689+0900][gc,metaspace] Compressed class space mapped at: 0x0000000800c00000-0x0000000840c00000, reserved size: 1073741824
[2024-10-15T21:30:20.689+0900][gc,metaspace] Narrow klass base: 0x0000000800000000, Narrow klass shift: 0, Narrow klass range: 0x100000000
[2024-10-15T21:30:21.476+0900][gc,start    ] GC(0) Pause Young (Normal) (G1 Evacuation Pause)
[2024-10-15T21:30:21.477+0900][gc,task     ] GC(0) Using 8 workers of 8 for evacuation
[2024-10-15T21:30:21.479+0900][gc,phases   ] GC(0)   Pre Evacuate Collection Set: 0.2ms
[2024-10-15T21:30:21.479+0900][gc,phases   ] GC(0)   Merge Heap Roots: 0.0ms
[2024-10-15T21:30:21.479+0900][gc,phases   ] GC(0)   Evacuate Collection Set: 2.2ms
[2024-10-15T21:30:21.479+0900][gc,phases   ] GC(0)   Post Evacuate Collection Set: 0.2ms
[2024-10-15T21:30:21.479+0900][gc,phases   ] GC(0)   Other: 0.2ms
[2024-10-15T21:30:21.479+0900][gc,heap     ] GC(0) Eden regions: 51->0(44)
[2024-10-15T21:30:21.479+0900][gc,heap     ] GC(0) Survivor regions: 0->7(7)
[2024-10-15T21:30:21.479+0900][gc,heap     ] GC(0) Old regions: 0->2
[2024-10-15T21:30:21.479+0900][gc,heap     ] GC(0) Archive regions: 2->2
[2024-10-15T21:30:21.479+0900][gc,heap     ] GC(0) Humongous regions: 0->0
[2024-10-15T21:30:21.479+0900][gc,metaspace] GC(0) Metaspace: 17508K(17728K)->17508K(17728K) NonClass: 15384K(15488K)->15384K(15488K) Class: 2123K(2240K)->2123K(2240K)
[2024-10-15T21:30:21.479+0900][gc          ] GC(0) Pause Young (Normal) (G1 Evacuation Pause) 51M->9M(1024M) 2.968ms
[2024-10-15T21:30:21.479+0900][gc,cpu      ] GC(0) User=0.02s Sys=0.00s Real=0.00s
[2024-10-15T21:30:21.588+0900][gc,start    ] GC(1) Pause Young (Concurrent Start) (Metadata GC Threshold)
[2024-10-15T21:30:21.588+0900][gc,task     ] GC(1) Using 8 workers of 8 for evacuation
[2024-10-15T21:30:21.591+0900][gc,phases   ] GC(1)   Pre Evacuate Collection Set: 0.1ms
[2024-10-15T21:30:21.591+0900][gc,phases   ] GC(1)   Merge Heap Roots: 0.0ms
[2024-10-15T21:30:21.591+0900][gc,phases   ] GC(1)   Evacuate Collection Set: 2.2ms
[2024-10-15T21:30:21.591+0900][gc,phases   ] GC(1)   Post Evacuate Collection Set: 0.1ms
[2024-10-15T21:30:21.591+0900][gc,phases   ] GC(1)   Other: 0.1ms
[2024-10-15T21:30:21.591+0900][gc,heap     ] GC(1) Eden regions: 16->0(49)
[2024-10-15T21:30:21.591+0900][gc,heap     ] GC(1) Survivor regions: 7->2(7)
[2024-10-15T21:30:21.591+0900][gc,heap     ] GC(1) Old regions: 2->9
[2024-10-15T21:30:21.591+0900][gc,heap     ] GC(1) Archive regions: 2->2
[2024-10-15T21:30:21.591+0900][gc,heap     ] GC(1) Humongous regions: 129->129
[2024-10-15T21:30:21.591+0900][gc,metaspace] GC(1) Metaspace: 21289K(21504K)->21289K(21504K) NonClass: 18687K(18752K)->18687K(18752K) Class: 2601K(2752K)->2601K(2752K)
[2024-10-15T21:30:21.591+0900][gc          ] GC(1) Pause Young (Concurrent Start) (Metadata GC Threshold) 153M->139M(1024M) 2.671ms
[2024-10-15T21:30:21.591+0900][gc,cpu      ] GC(1) User=0.01s Sys=0.00s Real=0.01s
[2024-10-15T21:30:21.591+0900][gc          ] GC(2) Concurrent Mark Cycle
[2024-10-15T21:30:21.591+0900][gc,marking  ] GC(2) Concurrent Clear Claimed Marks
[2024-10-15T21:30:21.591+0900][gc,marking  ] GC(2) Concurrent Clear Claimed Marks 0.007ms
[2024-10-15T21:30:21.591+0900][gc,marking  ] GC(2) Concurrent Scan Root Regions
[2024-10-15T21:30:21.592+0900][gc,marking  ] GC(2) Concurrent Scan Root Regions 1.242ms
[2024-10-15T21:30:21.592+0900][gc,marking  ] GC(2) Concurrent Mark
[2024-10-15T21:30:21.592+0900][gc,marking  ] GC(2) Concurrent Mark From Roots
[2024-10-15T21:30:21.592+0900][gc,task     ] GC(2) Using 2 workers of 2 for marking
[2024-10-15T21:30:21.593+0900][gc,marking  ] GC(2) Concurrent Mark From Roots 0.946ms
[2024-10-15T21:30:21.593+0900][gc,marking  ] GC(2) Concurrent Preclean
[2024-10-15T21:30:21.593+0900][gc,marking  ] GC(2) Concurrent Preclean 0.014ms
[2024-10-15T21:30:21.593+0900][gc,start    ] GC(2) Pause Remark
[2024-10-15T21:30:21.594+0900][gc          ] GC(2) Pause Remark 140M->140M(1024M) 0.992ms
[2024-10-15T21:30:21.594+0900][gc,cpu      ] GC(2) User=0.00s Sys=0.00s Real=0.00s
[2024-10-15T21:30:21.594+0900][gc,marking  ] GC(2) Concurrent Mark 2.061ms
[2024-10-15T21:30:21.594+0900][gc,marking  ] GC(2) Concurrent Rebuild Remembered Sets
[2024-10-15T21:30:21.596+0900][gc,marking  ] GC(2) Concurrent Rebuild Remembered Sets 1.352ms
[2024-10-15T21:30:21.596+0900][gc,start    ] GC(2) Pause Cleanup
[2024-10-15T21:30:21.596+0900][gc          ] GC(2) Pause Cleanup 140M->140M(1024M) 0.082ms
[2024-10-15T21:30:21.596+0900][gc,cpu      ] GC(2) User=0.00s Sys=0.00s Real=0.00s
[2024-10-15T21:30:21.596+0900][gc,marking  ] GC(2) Concurrent Cleanup for Next Mark
[2024-10-15T21:30:21.597+0900][gc,marking  ] GC(2) Concurrent Cleanup for Next Mark 1.235ms
[2024-10-15T21:30:21.597+0900][gc          ] GC(2) Concurrent Mark Cycle 6.170ms
[2024-10-15T21:30:21.838+0900][gc,start    ] GC(3) Pause Young (Normal) (G1 Evacuation Pause)
[2024-10-15T21:30:21.838+0900][gc,task     ] GC(3) Using 8 workers of 8 for evacuation
[2024-10-15T21:30:21.840+0900][gc,phases   ] GC(3)   Pre Evacuate Collection Set: 0.1ms
[2024-10-15T21:30:21.840+0900][gc,phases   ] GC(3)   Merge Heap Roots: 0.0ms
[2024-10-15T21:30:21.840+0900][gc,phases   ] GC(3)   Evacuate Collection Set: 2.1ms
[2024-10-15T21:30:21.840+0900][gc,phases   ] GC(3)   Post Evacuate Collection Set: 0.2ms
[2024-10-15T21:30:21.840+0900][gc,phases   ] GC(3)   Other: 0.1ms
[2024-10-15T21:30:21.840+0900][gc,heap     ] GC(3) Eden regions: 49->0(44)
[2024-10-15T21:30:21.840+0900][gc,heap     ] GC(3) Survivor regions: 2->7(7)
[2024-10-15T21:30:21.840+0900][gc,heap     ] GC(3) Old regions: 9->9
[2024-10-15T21:30:21.840+0900][gc,heap     ] GC(3) Archive regions: 2->2
[2024-10-15T21:30:21.840+0900][gc,heap     ] GC(3) Humongous regions: 129->129
[2024-10-15T21:30:21.840+0900][gc,metaspace] GC(3) Metaspace: 32507K(32768K)->32507K(32768K) NonClass: 28819K(28992K)->28819K(28992K) Class: 3688K(3776K)->3688K(3776K)
[2024-10-15T21:30:21.840+0900][gc          ] GC(3) Pause Young (Normal) (G1 Evacuation Pause) 188M->144M(1024M) 2.512ms
[2024-10-15T21:30:21.840+0900][gc,cpu      ] GC(3) User=0.02s Sys=0.00s Real=0.01s
[2024-10-15T21:31:55.604+0900][gc,start    ] GC(4) Pause Young (Concurrent Start) (Metadata GC Threshold)
[2024-10-15T21:31:55.604+0900][gc,task     ] GC(4) Using 8 workers of 8 for evacuation
[2024-10-15T21:31:55.609+0900][gc,phases   ] GC(4)   Pre Evacuate Collection Set: 0.2ms
[2024-10-15T21:31:55.609+0900][gc,phases   ] GC(4)   Merge Heap Roots: 0.1ms
[2024-10-15T21:31:55.609+0900][gc,phases   ] GC(4)   Evacuate Collection Set: 3.9ms
[2024-10-15T21:31:55.609+0900][gc,phases   ] GC(4)   Post Evacuate Collection Set: 0.2ms
[2024-10-15T21:31:55.609+0900][gc,phases   ] GC(4)   Other: 0.4ms
[2024-10-15T21:31:55.609+0900][gc,heap     ] GC(4) Eden regions: 17->0(49)
[2024-10-15T21:31:55.609+0900][gc,heap     ] GC(4) Survivor regions: 7->2(7)
[2024-10-15T21:31:55.609+0900][gc,heap     ] GC(4) Old regions: 9->15
[2024-10-15T21:31:55.609+0900][gc,heap     ] GC(4) Archive regions: 2->2
[2024-10-15T21:31:55.609+0900][gc,heap     ] GC(4) Humongous regions: 129->129
[2024-10-15T21:31:55.609+0900][gc,metaspace] GC(4) Metaspace: 35705K(35968K)->35705K(35968K) NonClass: 31549K(31680K)->31549K(31680K) Class: 4155K(4288K)->4155K(4288K)
[2024-10-15T21:31:55.609+0900][gc          ] GC(4) Pause Young (Concurrent Start) (Metadata GC Threshold) 160M->145M(1024M) 4.879ms
[2024-10-15T21:31:55.609+0900][gc,cpu      ] GC(4) User=0.01s Sys=0.01s Real=0.00s
[2024-10-15T21:31:55.609+0900][gc          ] GC(5) Concurrent Mark Cycle
[2024-10-15T21:31:55.609+0900][gc,marking  ] GC(5) Concurrent Clear Claimed Marks
[2024-10-15T21:31:55.609+0900][gc,marking  ] GC(5) Concurrent Clear Claimed Marks 0.015ms
[2024-10-15T21:31:55.609+0900][gc,marking  ] GC(5) Concurrent Scan Root Regions
[2024-10-15T21:31:55.611+0900][gc,marking  ] GC(5) Concurrent Scan Root Regions 1.982ms
[2024-10-15T21:31:55.611+0900][gc,marking  ] GC(5) Concurrent Mark
[2024-10-15T21:31:55.611+0900][gc,marking  ] GC(5) Concurrent Mark From Roots
[2024-10-15T21:31:55.611+0900][gc,task     ] GC(5) Using 2 workers of 2 for marking
[2024-10-15T21:31:55.614+0900][gc,marking  ] GC(5) Concurrent Mark From Roots 2.994ms
[2024-10-15T21:31:55.614+0900][gc,marking  ] GC(5) Concurrent Preclean
[2024-10-15T21:31:55.614+0900][gc,marking  ] GC(5) Concurrent Preclean 0.044ms
[2024-10-15T21:31:55.614+0900][gc,start    ] GC(5) Pause Remark
[2024-10-15T21:31:55.615+0900][gc          ] GC(5) Pause Remark 145M->145M(1024M) 1.127ms
[2024-10-15T21:31:55.615+0900][gc,cpu      ] GC(5) User=0.00s Sys=0.00s Real=0.00s
[2024-10-15T21:31:55.615+0900][gc,marking  ] GC(5) Concurrent Mark 4.348ms
[2024-10-15T21:31:55.615+0900][gc,marking  ] GC(5) Concurrent Rebuild Remembered Sets
[2024-10-15T21:31:55.618+0900][gc,marking  ] GC(5) Concurrent Rebuild Remembered Sets 2.793ms
[2024-10-15T21:31:55.618+0900][gc,start    ] GC(5) Pause Cleanup
[2024-10-15T21:31:55.618+0900][gc          ] GC(5) Pause Cleanup 146M->146M(1024M) 0.077ms
[2024-10-15T21:31:55.618+0900][gc,cpu      ] GC(5) User=0.00s Sys=0.00s Real=0.00s
[2024-10-15T21:31:55.618+0900][gc,marking  ] GC(5) Concurrent Cleanup for Next Mark
[2024-10-15T21:31:55.619+0900][gc,marking  ] GC(5) Concurrent Cleanup for Next Mark 1.298ms
[2024-10-15T21:31:55.619+0900][gc          ] GC(5) Concurrent Mark Cycle 10.794ms
[2024-10-15T21:35:52.211+0900][gc,start    ] GC(6) Pause Young (Normal) (G1 Evacuation Pause)
[2024-10-15T21:35:52.212+0900][gc,task     ] GC(6) Using 8 workers of 8 for evacuation
[2024-10-15T21:35:52.215+0900][gc,phases   ] GC(6)   Pre Evacuate Collection Set: 0.2ms
[2024-10-15T21:35:52.215+0900][gc,phases   ] GC(6)   Merge Heap Roots: 0.1ms
[2024-10-15T21:35:52.215+0900][gc,phases   ] GC(6)   Evacuate Collection Set: 2.9ms
[2024-10-15T21:35:52.215+0900][gc,phases   ] GC(6)   Post Evacuate Collection Set: 0.3ms
[2024-10-15T21:35:52.215+0900][gc,phases   ] GC(6)   Other: 0.7ms
[2024-10-15T21:35:52.215+0900][gc,heap     ] GC(6) Eden regions: 49->0(47)
[2024-10-15T21:35:52.215+0900][gc,heap     ] GC(6) Survivor regions: 2->4(7)
[2024-10-15T21:35:52.215+0900][gc,heap     ] GC(6) Old regions: 15->15
[2024-10-15T21:35:52.215+0900][gc,heap     ] GC(6) Archive regions: 2->2
[2024-10-15T21:35:52.215+0900][gc,heap     ] GC(6) Humongous regions: 129->129
[2024-10-15T21:35:52.215+0900][gc,metaspace] GC(6) Metaspace: 39870K(40384K)->39870K(40384K) NonClass: 35021K(35328K)->35021K(35328K) Class: 4848K(5056K)->4848K(5056K)
[2024-10-15T21:35:52.215+0900][gc          ] GC(6) Pause Young (Normal) (G1 Evacuation Pause) 194M->147M(1024M) 4.217ms
[2024-10-15T21:35:52.215+0900][gc,cpu      ] GC(6) User=0.02s Sys=0.01s Real=0.00s
[2024-10-15T21:41:01.957+0900][gc,start    ] GC(7) Pause Young (Normal) (G1 Evacuation Pause)
[2024-10-15T21:41:01.959+0900][gc,task     ] GC(7) Using 8 workers of 8 for evacuation
[2024-10-15T21:41:01.973+0900][gc,phases   ] GC(7)   Pre Evacuate Collection Set: 0.7ms
[2024-10-15T21:41:01.973+0900][gc,phases   ] GC(7)   Merge Heap Roots: 0.2ms
[2024-10-15T21:41:01.973+0900][gc,phases   ] GC(7)   Evacuate Collection Set: 12.0ms
[2024-10-15T21:41:01.973+0900][gc,phases   ] GC(7)   Post Evacuate Collection Set: 0.7ms
[2024-10-15T21:41:01.973+0900][gc,phases   ] GC(7)   Other: 2.2ms
[2024-10-15T21:41:01.973+0900][gc,heap     ] GC(7) Eden regions: 47->0(45)
[2024-10-15T21:41:01.973+0900][gc,heap     ] GC(7) Survivor regions: 4->6(7)
[2024-10-15T21:41:01.973+0900][gc,heap     ] GC(7) Old regions: 15->15
[2024-10-15T21:41:01.973+0900][gc,heap     ] GC(7) Archive regions: 2->2
[2024-10-15T21:41:01.973+0900][gc,heap     ] GC(7) Humongous regions: 129->129
[2024-10-15T21:41:01.973+0900][gc,metaspace] GC(7) Metaspace: 41903K(42496K)->41903K(42496K) NonClass: 36822K(37184K)->36822K(37184K) Class: 5081K(5312K)->5081K(5312K)
[2024-10-15T21:41:01.973+0900][gc          ] GC(7) Pause Young (Normal) (G1 Evacuation Pause) 194M->149M(1024M) 15.877ms
[2024-10-15T21:41:01.973+0900][gc,cpu      ] GC(7) User=0.03s Sys=0.01s Real=0.02s
[2024-10-15T21:46:06.568+0900][gc,start    ] GC(8) Pause Young (Normal) (G1 Evacuation Pause)
[2024-10-15T21:46:06.569+0900][gc,task     ] GC(8) Using 8 workers of 8 for evacuation
[2024-10-15T21:46:06.578+0900][gc,phases   ] GC(8)   Pre Evacuate Collection Set: 0.3ms
[2024-10-15T21:46:06.579+0900][gc,phases   ] GC(8)   Merge Heap Roots: 0.1ms
[2024-10-15T21:46:06.579+0900][gc,phases   ] GC(8)   Evacuate Collection Set: 8.4ms
[2024-10-15T21:46:06.579+0900][gc,phases   ] GC(8)   Post Evacuate Collection Set: 0.6ms
[2024-10-15T21:46:06.579+0900][gc,phases   ] GC(8)   Other: 1.6ms
[2024-10-15T21:46:06.579+0900][gc,heap     ] GC(8) Eden regions: 45->0(48)
[2024-10-15T21:46:06.579+0900][gc,heap     ] GC(8) Survivor regions: 6->3(7)
[2024-10-15T21:46:06.579+0900][gc,heap     ] GC(8) Old regions: 15->18
[2024-10-15T21:46:06.579+0900][gc,heap     ] GC(8) Archive regions: 2->2
[2024-10-15T21:46:06.579+0900][gc,heap     ] GC(8) Humongous regions: 129->129
[2024-10-15T21:46:06.579+0900][gc,metaspace] GC(8) Metaspace: 42080K(42624K)->42080K(42624K) NonClass: 36992K(37312K)->36992K(37312K) Class: 5087K(5312K)->5087K(5312K)
[2024-10-15T21:46:06.579+0900][gc          ] GC(8) Pause Young (Normal) (G1 Evacuation Pause) 194M->149M(1024M) 11.353ms
[2024-10-15T21:46:06.579+0900][gc,cpu      ] GC(8) User=0.03s Sys=0.01s Real=0.01s
[2024-10-15T21:54:58.246+0900][gc,start    ] GC(9) Pause Young (Normal) (G1 Evacuation Pause)
[2024-10-15T21:54:58.248+0900][gc,task     ] GC(9) Using 8 workers of 8 for evacuation
[2024-10-15T21:54:58.256+0900][gc,phases   ] GC(9)   Pre Evacuate Collection Set: 0.5ms
[2024-10-15T21:54:58.256+0900][gc,phases   ] GC(9)   Merge Heap Roots: 0.2ms
[2024-10-15T21:54:58.256+0900][gc,phases   ] GC(9)   Evacuate Collection Set: 7.0ms
[2024-10-15T21:54:58.256+0900][gc,phases   ] GC(9)   Post Evacuate Collection Set: 0.5ms
[2024-10-15T21:54:58.256+0900][gc,phases   ] GC(9)   Other: 1.8ms
[2024-10-15T21:54:58.256+0900][gc,heap     ] GC(9) Eden regions: 48->0(70)
[2024-10-15T21:54:58.256+0900][gc,heap     ] GC(9) Survivor regions: 3->3(7)
[2024-10-15T21:54:58.257+0900][gc,heap     ] GC(9) Old regions: 18->18
[2024-10-15T21:54:58.257+0900][gc,heap     ] GC(9) Archive regions: 2->2
[2024-10-15T21:54:58.257+0900][gc,heap     ] GC(9) Humongous regions: 129->129
[2024-10-15T21:54:58.257+0900][gc,metaspace] GC(9) Metaspace: 42122K(42688K)->42122K(42688K) NonClass: 37035K(37376K)->37035K(37376K) Class: 5087K(5312K)->5087K(5312K)
[2024-10-15T21:54:58.257+0900][gc          ] GC(9) Pause Young (Normal) (G1 Evacuation Pause) 197M->149M(1024M) 10.086ms
[2024-10-15T21:54:58.257+0900][gc,cpu      ] GC(9) User=0.01s Sys=0.01s Real=0.01s
[2024-10-15T21:55:48.526+0900][gc,heap,exit] Heap
[2024-10-15T21:55:48.526+0900][gc,heap,exit]  garbage-first heap   total 1048576K, used 170555K [0x00000007c0000000, 0x0000000800000000)
[2024-10-15T21:55:48.526+0900][gc,heap,exit]   region size 1024K, 20 young (20480K), 3 survivors (3072K)
[2024-10-15T21:55:48.526+0900][gc,heap,exit]  Metaspace       used 43008K, committed 43584K, reserved 1089536K
[2024-10-15T21:55:48.526+0900][gc,heap,exit]   class space    used 5268K, committed 5504K, reserved 1048576K
