[2024-10-15T21:28:13.760+0900][gc] Using G1
[2024-10-15T21:28:13.762+0900][gc,init] Version: 17.0.3+7 (release)
[2024-10-15T21:28:13.762+0900][gc,init] CPUs: 8 total, 8 available
[2024-10-15T21:28:13.762+0900][gc,init] Memory: 16384M
[2024-10-15T21:28:13.762+0900][gc,init] Large Page Support: Disabled
[2024-10-15T21:28:13.762+0900][gc,init] NUMA Support: Disabled
[2024-10-15T21:28:13.762+0900][gc,init] Compressed Oops: Enabled (Zero based)
[2024-10-15T21:28:13.762+0900][gc,init] Heap Region Size: 1M
[2024-10-15T21:28:13.762+0900][gc,init] Heap Min Capacity: 1G
[2024-10-15T21:28:13.762+0900][gc,init] Heap Initial Capacity: 1G
[2024-10-15T21:28:13.762+0900][gc,init] Heap Max Capacity: 1G
[2024-10-15T21:28:13.762+0900][gc,init] Pre-touch: Disabled
[2024-10-15T21:28:13.762+0900][gc,init] Parallel Workers: 8
[2024-10-15T21:28:13.762+0900][gc,init] Concurrent Workers: 2
[2024-10-15T21:28:13.762+0900][gc,init] Concurrent Refinement Workers: 8
[2024-10-15T21:28:13.762+0900][gc,init] Periodic GC: Disabled
[2024-10-15T21:28:13.762+0900][gc,metaspace] CDS archive(s) mapped at: [0x0000000800000000-0x0000000800bd8000-0x0000000800bd8000), size 12419072, SharedBaseAddress: 0x0000000800000000, ArchiveRelocationMode: 0.
[2024-10-15T21:28:13.762+0900][gc,metaspace] Compressed class space mapped at: 0x0000000800c00000-0x0000000840c00000, reserved size: 1073741824
[2024-10-15T21:28:13.762+0900][gc,metaspace] Narrow klass base: 0x0000000800000000, Narrow klass shift: 0, Narrow klass range: 0x100000000
[2024-10-15T21:28:14.490+0900][gc,start    ] GC(0) Pause Young (Normal) (G1 Evacuation Pause)
[2024-10-15T21:28:14.491+0900][gc,task     ] GC(0) Using 8 workers of 8 for evacuation
[2024-10-15T21:28:14.493+0900][gc,phases   ] GC(0)   Pre Evacuate Collection Set: 0.1ms
[2024-10-15T21:28:14.493+0900][gc,phases   ] GC(0)   Merge Heap Roots: 0.0ms
[2024-10-15T21:28:14.493+0900][gc,phases   ] GC(0)   Evacuate Collection Set: 2.2ms
[2024-10-15T21:28:14.493+0900][gc,phases   ] GC(0)   Post Evacuate Collection Set: 0.2ms
[2024-10-15T21:28:14.493+0900][gc,phases   ] GC(0)   Other: 0.2ms
[2024-10-15T21:28:14.493+0900][gc,heap     ] GC(0) Eden regions: 51->0(44)
[2024-10-15T21:28:14.493+0900][gc,heap     ] GC(0) Survivor regions: 0->7(7)
[2024-10-15T21:28:14.493+0900][gc,heap     ] GC(0) Old regions: 0->1
[2024-10-15T21:28:14.493+0900][gc,heap     ] GC(0) Archive regions: 2->2
[2024-10-15T21:28:14.493+0900][gc,heap     ] GC(0) Humongous regions: 0->0
[2024-10-15T21:28:14.493+0900][gc,metaspace] GC(0) Metaspace: 17549K(17792K)->17549K(17792K) NonClass: 15420K(15552K)->15420K(15552K) Class: 2129K(2240K)->2129K(2240K)
[2024-10-15T21:28:14.493+0900][gc          ] GC(0) Pause Young (Normal) (G1 Evacuation Pause) 51M->8M(1024M) 2.840ms
[2024-10-15T21:28:14.493+0900][gc,cpu      ] GC(0) User=0.01s Sys=0.00s Real=0.00s
[2024-10-15T21:28:14.608+0900][gc,start    ] GC(1) Pause Young (Concurrent Start) (Metadata GC Threshold)
[2024-10-15T21:28:14.608+0900][gc,task     ] GC(1) Using 8 workers of 8 for evacuation
[2024-10-15T21:28:14.610+0900][gc,phases   ] GC(1)   Pre Evacuate Collection Set: 0.1ms
[2024-10-15T21:28:14.610+0900][gc,phases   ] GC(1)   Merge Heap Roots: 0.0ms
[2024-10-15T21:28:14.610+0900][gc,phases   ] GC(1)   Evacuate Collection Set: 2.0ms
[2024-10-15T21:28:14.610+0900][gc,phases   ] GC(1)   Post Evacuate Collection Set: 0.2ms
[2024-10-15T21:28:14.610+0900][gc,phases   ] GC(1)   Other: 0.1ms
[2024-10-15T21:28:14.610+0900][gc,heap     ] GC(1) Eden regions: 16->0(49)
[2024-10-15T21:28:14.610+0900][gc,heap     ] GC(1) Survivor regions: 7->2(7)
[2024-10-15T21:28:14.610+0900][gc,heap     ] GC(1) Old regions: 1->9
[2024-10-15T21:28:14.610+0900][gc,heap     ] GC(1) Archive regions: 2->2
[2024-10-15T21:28:14.610+0900][gc,heap     ] GC(1) Humongous regions: 129->129
[2024-10-15T21:28:14.610+0900][gc,metaspace] GC(1) Metaspace: 21313K(21504K)->21313K(21504K) NonClass: 18704K(18816K)->18704K(18816K) Class: 2608K(2688K)->2608K(2688K)
[2024-10-15T21:28:14.610+0900][gc          ] GC(1) Pause Young (Concurrent Start) (Metadata GC Threshold) 153M->139M(1024M) 2.492ms
[2024-10-15T21:28:14.610+0900][gc,cpu      ] GC(1) User=0.01s Sys=0.00s Real=0.01s
[2024-10-15T21:28:14.610+0900][gc          ] GC(2) Concurrent Mark Cycle
[2024-10-15T21:28:14.610+0900][gc,marking  ] GC(2) Concurrent Clear Claimed Marks
[2024-10-15T21:28:14.610+0900][gc,marking  ] GC(2) Concurrent Clear Claimed Marks 0.012ms
[2024-10-15T21:28:14.610+0900][gc,marking  ] GC(2) Concurrent Scan Root Regions
[2024-10-15T21:28:14.612+0900][gc,marking  ] GC(2) Concurrent Scan Root Regions 1.295ms
[2024-10-15T21:28:14.612+0900][gc,marking  ] GC(2) Concurrent Mark
[2024-10-15T21:28:14.612+0900][gc,marking  ] GC(2) Concurrent Mark From Roots
[2024-10-15T21:28:14.612+0900][gc,task     ] GC(2) Using 2 workers of 2 for marking
[2024-10-15T21:28:14.613+0900][gc,marking  ] GC(2) Concurrent Mark From Roots 1.056ms
[2024-10-15T21:28:14.613+0900][gc,marking  ] GC(2) Concurrent Preclean
[2024-10-15T21:28:14.613+0900][gc,marking  ] GC(2) Concurrent Preclean 0.045ms
[2024-10-15T21:28:14.613+0900][gc,start    ] GC(2) Pause Remark
[2024-10-15T21:28:14.614+0900][gc          ] GC(2) Pause Remark 140M->140M(1024M) 1.020ms
[2024-10-15T21:28:14.614+0900][gc,cpu      ] GC(2) User=0.00s Sys=0.00s Real=0.00s
[2024-10-15T21:28:14.614+0900][gc,marking  ] GC(2) Concurrent Mark 2.670ms
[2024-10-15T21:28:14.614+0900][gc,marking  ] GC(2) Concurrent Rebuild Remembered Sets
[2024-10-15T21:28:14.616+0900][gc,marking  ] GC(2) Concurrent Rebuild Remembered Sets 1.635ms
[2024-10-15T21:28:14.616+0900][gc,start    ] GC(2) Pause Cleanup
[2024-10-15T21:28:14.616+0900][gc          ] GC(2) Pause Cleanup 140M->140M(1024M) 0.070ms
[2024-10-15T21:28:14.616+0900][gc,cpu      ] GC(2) User=0.00s Sys=0.00s Real=0.00s
[2024-10-15T21:28:14.616+0900][gc,marking  ] GC(2) Concurrent Cleanup for Next Mark
[2024-10-15T21:28:14.618+0900][gc,marking  ] GC(2) Concurrent Cleanup for Next Mark 1.257ms
[2024-10-15T21:28:14.618+0900][gc          ] GC(2) Concurrent Mark Cycle 7.139ms
[2024-10-15T21:28:14.880+0900][gc,start    ] GC(3) Pause Young (Normal) (G1 Evacuation Pause)
[2024-10-15T21:28:14.880+0900][gc,task     ] GC(3) Using 8 workers of 8 for evacuation
[2024-10-15T21:28:14.883+0900][gc,phases   ] GC(3)   Pre Evacuate Collection Set: 0.1ms
[2024-10-15T21:28:14.883+0900][gc,phases   ] GC(3)   Merge Heap Roots: 0.0ms
[2024-10-15T21:28:14.883+0900][gc,phases   ] GC(3)   Evacuate Collection Set: 2.2ms
[2024-10-15T21:28:14.883+0900][gc,phases   ] GC(3)   Post Evacuate Collection Set: 0.2ms
[2024-10-15T21:28:14.883+0900][gc,phases   ] GC(3)   Other: 0.1ms
[2024-10-15T21:28:14.883+0900][gc,heap     ] GC(3) Eden regions: 49->0(45)
[2024-10-15T21:28:14.883+0900][gc,heap     ] GC(3) Survivor regions: 2->6(7)
[2024-10-15T21:28:14.883+0900][gc,heap     ] GC(3) Old regions: 9->9
[2024-10-15T21:28:14.883+0900][gc,heap     ] GC(3) Archive regions: 2->2
[2024-10-15T21:28:14.883+0900][gc,heap     ] GC(3) Humongous regions: 129->129
[2024-10-15T21:28:14.883+0900][gc,metaspace] GC(3) Metaspace: 32613K(32896K)->32613K(32896K) NonClass: 28913K(29056K)->28913K(29056K) Class: 3700K(3840K)->3700K(3840K)
[2024-10-15T21:28:14.883+0900][gc          ] GC(3) Pause Young (Normal) (G1 Evacuation Pause) 188M->143M(1024M) 2.652ms
[2024-10-15T21:28:14.883+0900][gc,cpu      ] GC(3) User=0.02s Sys=0.00s Real=0.00s
[2024-10-15T21:28:15.086+0900][gc,heap,exit] Heap
[2024-10-15T21:28:15.086+0900][gc,heap,exit]  garbage-first heap   total 1048576K, used 167729K [0x00000007c0000000, 0x0000000800000000)
[2024-10-15T21:28:15.086+0900][gc,heap,exit]   region size 1024K, 26 young (26624K), 6 survivors (6144K)
[2024-10-15T21:28:15.086+0900][gc,heap,exit]  Metaspace       used 35696K, committed 35904K, reserved 1081344K
[2024-10-15T21:28:15.086+0900][gc,heap,exit]   class space    used 4154K, committed 4224K, reserved 1048576K
