[2024-10-15T21:27:49.250+0900][gc] Using G1
[2024-10-15T21:27:49.251+0900][gc,init] Version: 17.0.3+7 (release)
[2024-10-15T21:27:49.251+0900][gc,init] CPUs: 8 total, 8 available
[2024-10-15T21:27:49.251+0900][gc,init] Memory: 16384M
[2024-10-15T21:27:49.251+0900][gc,init] Large Page Support: Disabled
[2024-10-15T21:27:49.251+0900][gc,init] NUMA Support: Disabled
[2024-10-15T21:27:49.251+0900][gc,init] Compressed Oops: Enabled (Zero based)
[2024-10-15T21:27:49.251+0900][gc,init] Heap Region Size: 1M
[2024-10-15T21:27:49.251+0900][gc,init] Heap Min Capacity: 1G
[2024-10-15T21:27:49.251+0900][gc,init] Heap Initial Capacity: 1G
[2024-10-15T21:27:49.251+0900][gc,init] Heap Max Capacity: 1G
[2024-10-15T21:27:49.251+0900][gc,init] Pre-touch: Disabled
[2024-10-15T21:27:49.251+0900][gc,init] Parallel Workers: 8
[2024-10-15T21:27:49.251+0900][gc,init] Concurrent Workers: 2
[2024-10-15T21:27:49.251+0900][gc,init] Concurrent Refinement Workers: 8
[2024-10-15T21:27:49.251+0900][gc,init] Periodic GC: Disabled
[2024-10-15T21:27:49.251+0900][gc,metaspace] CDS archive(s) mapped at: [0x0000000800000000-0x0000000800bd8000-0x0000000800bd8000), size 12419072, SharedBaseAddress: 0x0000000800000000, ArchiveRelocationMode: 0.
[2024-10-15T21:27:49.252+0900][gc,metaspace] Compressed class space mapped at: 0x0000000800c00000-0x0000000840c00000, reserved size: 1073741824
[2024-10-15T21:27:49.252+0900][gc,metaspace] Narrow klass base: 0x0000000800000000, Narrow klass shift: 0, Narrow klass range: 0x100000000
[2024-10-15T21:27:50.055+0900][gc,start    ] GC(0) Pause Young (Normal) (G1 Evacuation Pause)
[2024-10-15T21:27:50.055+0900][gc,task     ] GC(0) Using 8 workers of 8 for evacuation
[2024-10-15T21:27:50.058+0900][gc,phases   ] GC(0)   Pre Evacuate Collection Set: 0.1ms
[2024-10-15T21:27:50.058+0900][gc,phases   ] GC(0)   Merge Heap Roots: 0.0ms
[2024-10-15T21:27:50.058+0900][gc,phases   ] GC(0)   Evacuate Collection Set: 2.3ms
[2024-10-15T21:27:50.058+0900][gc,phases   ] GC(0)   Post Evacuate Collection Set: 0.2ms
[2024-10-15T21:27:50.058+0900][gc,phases   ] GC(0)   Other: 0.3ms
[2024-10-15T21:27:50.058+0900][gc,heap     ] GC(0) Eden regions: 51->0(44)
[2024-10-15T21:27:50.058+0900][gc,heap     ] GC(0) Survivor regions: 0->7(7)
[2024-10-15T21:27:50.058+0900][gc,heap     ] GC(0) Old regions: 0->1
[2024-10-15T21:27:50.058+0900][gc,heap     ] GC(0) Archive regions: 2->2
[2024-10-15T21:27:50.058+0900][gc,heap     ] GC(0) Humongous regions: 0->0
[2024-10-15T21:27:50.058+0900][gc,metaspace] GC(0) Metaspace: 17730K(17984K)->17730K(17984K) NonClass: 15580K(15744K)->15580K(15744K) Class: 2150K(2240K)->2150K(2240K)
[2024-10-15T21:27:50.058+0900][gc          ] GC(0) Pause Young (Normal) (G1 Evacuation Pause) 51M->8M(1024M) 2.973ms
[2024-10-15T21:27:50.058+0900][gc,cpu      ] GC(0) User=0.01s Sys=0.00s Real=0.00s
[2024-10-15T21:27:50.191+0900][gc,start    ] GC(1) Pause Young (Concurrent Start) (Metadata GC Threshold)
[2024-10-15T21:27:50.191+0900][gc,task     ] GC(1) Using 8 workers of 8 for evacuation
[2024-10-15T21:27:50.193+0900][gc,phases   ] GC(1)   Pre Evacuate Collection Set: 0.1ms
[2024-10-15T21:27:50.193+0900][gc,phases   ] GC(1)   Merge Heap Roots: 0.0ms
[2024-10-15T21:27:50.193+0900][gc,phases   ] GC(1)   Evacuate Collection Set: 2.0ms
[2024-10-15T21:27:50.193+0900][gc,phases   ] GC(1)   Post Evacuate Collection Set: 0.2ms
[2024-10-15T21:27:50.193+0900][gc,phases   ] GC(1)   Other: 0.1ms
[2024-10-15T21:27:50.193+0900][gc,heap     ] GC(1) Eden regions: 15->0(49)
[2024-10-15T21:27:50.193+0900][gc,heap     ] GC(1) Survivor regions: 7->2(7)
[2024-10-15T21:27:50.193+0900][gc,heap     ] GC(1) Old regions: 1->8
[2024-10-15T21:27:50.193+0900][gc,heap     ] GC(1) Archive regions: 2->2
[2024-10-15T21:27:50.193+0900][gc,heap     ] GC(1) Humongous regions: 129->129
[2024-10-15T21:27:50.193+0900][gc,metaspace] GC(1) Metaspace: 21310K(21504K)->21310K(21504K) NonClass: 18722K(18816K)->18722K(18816K) Class: 2588K(2688K)->2588K(2688K)
[2024-10-15T21:27:50.193+0900][gc          ] GC(1) Pause Young (Concurrent Start) (Metadata GC Threshold) 152M->139M(1024M) 2.468ms
[2024-10-15T21:27:50.193+0900][gc,cpu      ] GC(1) User=0.02s Sys=0.00s Real=0.00s
[2024-10-15T21:27:50.193+0900][gc          ] GC(2) Concurrent Mark Cycle
[2024-10-15T21:27:50.193+0900][gc,marking  ] GC(2) Concurrent Clear Claimed Marks
[2024-10-15T21:27:50.193+0900][gc,marking  ] GC(2) Concurrent Clear Claimed Marks 0.012ms
[2024-10-15T21:27:50.193+0900][gc,marking  ] GC(2) Concurrent Scan Root Regions
[2024-10-15T21:27:50.195+0900][gc,marking  ] GC(2) Concurrent Scan Root Regions 1.335ms
[2024-10-15T21:27:50.195+0900][gc,marking  ] GC(2) Concurrent Mark
[2024-10-15T21:27:50.195+0900][gc,marking  ] GC(2) Concurrent Mark From Roots
[2024-10-15T21:27:50.195+0900][gc,task     ] GC(2) Using 2 workers of 2 for marking
[2024-10-15T21:27:50.196+0900][gc,marking  ] GC(2) Concurrent Mark From Roots 1.223ms
[2024-10-15T21:27:50.196+0900][gc,marking  ] GC(2) Concurrent Preclean
[2024-10-15T21:27:50.196+0900][gc,marking  ] GC(2) Concurrent Preclean 0.013ms
[2024-10-15T21:27:50.196+0900][gc,start    ] GC(2) Pause Remark
[2024-10-15T21:27:50.197+0900][gc          ] GC(2) Pause Remark 140M->140M(1024M) 0.887ms
[2024-10-15T21:27:50.197+0900][gc,cpu      ] GC(2) User=0.00s Sys=0.00s Real=0.00s
[2024-10-15T21:27:50.197+0900][gc,marking  ] GC(2) Concurrent Mark 2.243ms
[2024-10-15T21:27:50.197+0900][gc,marking  ] GC(2) Concurrent Rebuild Remembered Sets
[2024-10-15T21:27:50.198+0900][gc,marking  ] GC(2) Concurrent Rebuild Remembered Sets 1.419ms
[2024-10-15T21:27:50.198+0900][gc,start    ] GC(2) Pause Cleanup
[2024-10-15T21:27:50.198+0900][gc          ] GC(2) Pause Cleanup 140M->140M(1024M) 0.072ms
[2024-10-15T21:27:50.198+0900][gc,cpu      ] GC(2) User=0.00s Sys=0.00s Real=0.00s
[2024-10-15T21:27:50.198+0900][gc,marking  ] GC(2) Concurrent Cleanup for Next Mark
[2024-10-15T21:27:50.200+0900][gc,marking  ] GC(2) Concurrent Cleanup for Next Mark 1.653ms
[2024-10-15T21:27:50.200+0900][gc          ] GC(2) Concurrent Mark Cycle 6.915ms
[2024-10-15T21:27:50.459+0900][gc,start    ] GC(3) Pause Young (Normal) (G1 Evacuation Pause)
[2024-10-15T21:27:50.459+0900][gc,task     ] GC(3) Using 8 workers of 8 for evacuation
[2024-10-15T21:27:50.462+0900][gc,phases   ] GC(3)   Pre Evacuate Collection Set: 0.1ms
[2024-10-15T21:27:50.462+0900][gc,phases   ] GC(3)   Merge Heap Roots: 0.1ms
[2024-10-15T21:27:50.462+0900][gc,phases   ] GC(3)   Evacuate Collection Set: 2.3ms
[2024-10-15T21:27:50.462+0900][gc,phases   ] GC(3)   Post Evacuate Collection Set: 0.2ms
[2024-10-15T21:27:50.462+0900][gc,phases   ] GC(3)   Other: 0.1ms
[2024-10-15T21:27:50.462+0900][gc,heap     ] GC(3) Eden regions: 49->0(45)
[2024-10-15T21:27:50.462+0900][gc,heap     ] GC(3) Survivor regions: 2->6(7)
[2024-10-15T21:27:50.462+0900][gc,heap     ] GC(3) Old regions: 8->8
[2024-10-15T21:27:50.462+0900][gc,heap     ] GC(3) Archive regions: 2->2
[2024-10-15T21:27:50.462+0900][gc,heap     ] GC(3) Humongous regions: 129->129
[2024-10-15T21:27:50.462+0900][gc,metaspace] GC(3) Metaspace: 32725K(32960K)->32725K(32960K) NonClass: 29062K(29184K)->29062K(29184K) Class: 3662K(3776K)->3662K(3776K)
[2024-10-15T21:27:50.462+0900][gc          ] GC(3) Pause Young (Normal) (G1 Evacuation Pause) 188M->143M(1024M) 2.779ms
[2024-10-15T21:27:50.462+0900][gc,cpu      ] GC(3) User=0.02s Sys=0.01s Real=0.01s
[2024-10-15T21:27:50.543+0900][gc,start    ] GC(4) Pause Young (Concurrent Start) (Metadata GC Threshold)
[2024-10-15T21:27:50.543+0900][gc,task     ] GC(4) Using 8 workers of 8 for evacuation
[2024-10-15T21:27:50.546+0900][gc,phases   ] GC(4)   Pre Evacuate Collection Set: 0.1ms
[2024-10-15T21:27:50.546+0900][gc,phases   ] GC(4)   Merge Heap Roots: 0.0ms
[2024-10-15T21:27:50.546+0900][gc,phases   ] GC(4)   Evacuate Collection Set: 2.4ms
[2024-10-15T21:27:50.546+0900][gc,phases   ] GC(4)   Post Evacuate Collection Set: 0.2ms
[2024-10-15T21:27:50.546+0900][gc,phases   ] GC(4)   Other: 0.1ms
[2024-10-15T21:27:50.546+0900][gc,heap     ] GC(4) Eden regions: 16->0(49)
[2024-10-15T21:27:50.546+0900][gc,heap     ] GC(4) Survivor regions: 6->2(7)
[2024-10-15T21:27:50.546+0900][gc,heap     ] GC(4) Old regions: 8->14
[2024-10-15T21:27:50.546+0900][gc,heap     ] GC(4) Archive regions: 2->2
[2024-10-15T21:27:50.546+0900][gc,heap     ] GC(4) Humongous regions: 129->0
[2024-10-15T21:27:50.546+0900][gc,metaspace] GC(4) Metaspace: 35666K(35968K)->35666K(35968K) NonClass: 31543K(31680K)->31543K(31680K) Class: 4123K(4288K)->4123K(4288K)
[2024-10-15T21:27:50.546+0900][gc          ] GC(4) Pause Young (Concurrent Start) (Metadata GC Threshold) 159M->15M(1024M) 2.906ms
[2024-10-15T21:27:50.546+0900][gc,cpu      ] GC(4) User=0.02s Sys=0.00s Real=0.00s
[2024-10-15T21:27:50.546+0900][gc          ] GC(5) Concurrent Mark Cycle
[2024-10-15T21:27:50.546+0900][gc,marking  ] GC(5) Concurrent Clear Claimed Marks
[2024-10-15T21:27:50.546+0900][gc,marking  ] GC(5) Concurrent Clear Claimed Marks 0.017ms
[2024-10-15T21:27:50.546+0900][gc,marking  ] GC(5) Concurrent Scan Root Regions
[2024-10-15T21:27:50.548+0900][gc,marking  ] GC(5) Concurrent Scan Root Regions 1.561ms
[2024-10-15T21:27:50.548+0900][gc,marking  ] GC(5) Concurrent Mark
[2024-10-15T21:27:50.548+0900][gc,marking  ] GC(5) Concurrent Mark From Roots
[2024-10-15T21:27:50.548+0900][gc,task     ] GC(5) Using 2 workers of 2 for marking
[2024-10-15T21:27:50.550+0900][gc,marking  ] GC(5) Concurrent Mark From Roots 2.637ms
[2024-10-15T21:27:50.550+0900][gc,marking  ] GC(5) Concurrent Preclean
[2024-10-15T21:27:50.550+0900][gc,marking  ] GC(5) Concurrent Preclean 0.076ms
[2024-10-15T21:27:50.551+0900][gc,start    ] GC(5) Pause Remark
[2024-10-15T21:27:50.551+0900][gc          ] GC(5) Pause Remark 16M->16M(1024M) 0.832ms
[2024-10-15T21:27:50.551+0900][gc,cpu      ] GC(5) User=0.01s Sys=0.00s Real=0.00s
[2024-10-15T21:27:50.551+0900][gc,marking  ] GC(5) Concurrent Mark 3.757ms
[2024-10-15T21:27:50.551+0900][gc,marking  ] GC(5) Concurrent Rebuild Remembered Sets
[2024-10-15T21:27:50.554+0900][gc,marking  ] GC(5) Concurrent Rebuild Remembered Sets 2.982ms
[2024-10-15T21:27:50.556+0900][gc,start    ] GC(5) Pause Cleanup
[2024-10-15T21:27:50.556+0900][gc          ] GC(5) Pause Cleanup 16M->16M(1024M) 0.122ms
[2024-10-15T21:27:50.556+0900][gc,cpu      ] GC(5) User=0.00s Sys=0.00s Real=0.00s
[2024-10-15T21:27:50.556+0900][gc,marking  ] GC(5) Concurrent Cleanup for Next Mark
[2024-10-15T21:27:50.558+0900][gc,marking  ] GC(5) Concurrent Cleanup for Next Mark 1.411ms
[2024-10-15T21:27:50.558+0900][gc          ] GC(5) Concurrent Mark Cycle 11.813ms
[2024-10-15T21:27:50.679+0900][gc,heap,exit] Heap
[2024-10-15T21:27:50.679+0900][gc,heap,exit]  garbage-first heap   total 1048576K, used 21545K [0x00000007c0000000, 0x0000000800000000)
[2024-10-15T21:27:50.679+0900][gc,heap,exit]   region size 1024K, 8 young (8192K), 2 survivors (2048K)
[2024-10-15T21:27:50.679+0900][gc,heap,exit]  Metaspace       used 35881K, committed 36160K, reserved 1081344K
[2024-10-15T21:27:50.679+0900][gc,heap,exit]   class space    used 4169K, committed 4288K, reserved 1048576K
